<Rule Id="9" Name="CastVarsBooleanPLK.1"><IfMessages/><ElseMessages/><Condition><Expression><Compute><Operator>AND</Operator><LeftOperand><Brace><Compute><Operator>==</Operator><LeftOperand><PPM Name="PPM Boolean" DataType="Boolean" Type="APM"/></LeftOperand><RightOperand><Constant>True</Constant></RightOperand></Compute></Brace></LeftOperand><RightOperand><Brace><Compute><Operator>&lt;&gt;</Operator><LeftOperand><DPM Name="DSM Decision Boolean"/></LeftOperand><RightOperand><Constant>True</Constant></RightOperand></Compute></Brace></RightOperand></Compute></Expression></Condition><IfActions><Assign><AssignTo><DPM Name="DPM Boolean"/></AssignTo><AssignValue><Expression><Constant>True</Constant></Expression></AssignValue></Assign><Assign><AssignTo><DPM Name="DPM Boolean"/></AssignTo><AssignValue><Expression><PPM Name="PPM Boolean" DataType="Boolean" Type="APM"/></Expression></AssignValue></Assign><Assign><AssignTo><DPM Name="DPM Text"/></AssignTo><AssignValue><Expression><Constant>TESTBOOL RULE 1</Constant></Expression></AssignValue></Assign></IfActions></Rule>