<Rule Id="5" Name="CastVarsNumericPLK.1"><IfMessages/><ElseMessages/><Condition><Expression><Compute><Operator>AND</Operator><LeftOperand><Compute><Operator>AND</Operator><LeftOperand><Brace><Compute><Operator>&lt;&gt;</Operator><LeftOperand><PPM Name="PPM Numeric" DataType="Numeric" Type="APM"/></LeftOperand><RightOperand><Constant>NULL</Constant></RightOperand></Compute></Brace></LeftOperand><RightOperand><Brace><Compute><Operator>&gt;</Operator><LeftOperand><DPM Name="DSM Decision Numeric"/></LeftOperand><RightOperand><Constant>0</Constant></RightOperand></Compute></Brace></RightOperand></Compute></LeftOperand><RightOperand><Brace><Compute><Operator>&lt;</Operator><LeftOperand><DPM Name="DPM Rate"/></LeftOperand><RightOperand><Constant>5.555</Constant></RightOperand></Compute></Brace></RightOperand></Compute></Expression></Condition><IfActions><Assign><AssignTo><DPM Name="DPM Numeric"/></AssignTo><AssignValue><Expression><PPM Name="PPM Numeric" DataType="Numeric" Type="APM"/></Expression></AssignValue></Assign><Assign><AssignTo><DPM Name="DPM Text"/></AssignTo><AssignValue><Expression><Constant>TESTNUMERIC RULE 1</Constant></Expression></AssignValue></Assign></IfActions></Rule>