<Rule Id="11" Name="CastVarsBooleanPLK.3"><IfMessages/><ElseMessages/><Condition><Expression><Compute><Operator>AND</Operator><LeftOperand><Brace><Compute><Operator>==</Operator><LeftOperand><PPM Name="PPM Boolean" DataType="Boolean" Type="APM"/></LeftOperand><RightOperand><Constant>NULL</Constant></RightOperand></Compute></Brace></LeftOperand><RightOperand><Brace><Compute><Operator>&lt;&gt;</Operator><LeftOperand><DPM Name="DSM Decision Boolean"/></LeftOperand><RightOperand><Constant>NULL</Constant></RightOperand></Compute></Brace></RightOperand></Compute></Expression></Condition><IfActions><Assign><AssignTo><DPM Name="DPM Boolean"/></AssignTo><AssignValue><Expression><Constant>NULL</Constant></Expression></AssignValue></Assign><Assign><AssignTo><DPM Name="DPM Boolean"/></AssignTo><AssignValue><Expression><DPM Name="DPM Boolean"/></Expression></AssignValue></Assign><Assign><AssignTo><DPM Name="DPM Text"/></AssignTo><AssignValue><Expression><Constant>TESTBOOL RULE 3</Constant></Expression></AssignValue></Assign></IfActions></Rule>