<Rule Id="1" Name="CastVarsTextPLK.1"><IfMessages/><ElseMessages/><Condition><Expression><Compute><Operator>AND</Operator><LeftOperand><Compute><Operator>AND</Operator><LeftOperand><Brace><Compute><Operator>??</Operator><LeftOperand><PPM Name="PPM Text" DataType="Text" Type="APM"/></LeftOperand><RightOperand><Constant>A,B,C,D</Constant></RightOperand></Compute></Brace></LeftOperand><RightOperand><Brace><Compute><Operator>&lt;&gt;</Operator><LeftOperand><DPM Name="DSM Decision Text"/></LeftOperand><RightOperand><Constant>NULL</Constant></RightOperand></Compute></Brace></RightOperand></Compute></LeftOperand><RightOperand><Brace><Compute><Operator>==</Operator><LeftOperand><DPM Name="DSM Decision Text"/></LeftOperand><RightOperand><Constant>This Text</Constant></RightOperand></Compute></Brace></RightOperand></Compute></Expression></Condition><IfActions><Assign><AssignTo><DPM Name="DPM Text"/></AssignTo><AssignValue><Expression><PPM Name="PPM Text" DataType="Text" Type="APM"/></Expression></AssignValue></Assign><Assign><AssignTo><DPM Name="DPM Text"/></AssignTo><AssignValue><Expression><Constant>TESTTEXT RULE 1</Constant></Expression></AssignValue></Assign></IfActions></Rule>