<Rule Id="10" Name="CastVarsBooleanPLK.2"><IfMessages/><ElseMessages/><Condition><Expression><Compute><Operator>AND</Operator><LeftOperand><Brace><Compute Order="1"><Operator>==</Operator><LeftOperand><PPM Name="PPM Boolean" DataType="Boolean" Type="APM"/></LeftOperand><RightOperand><Constant>false</Constant></RightOperand></Compute></Brace></LeftOperand><RightOperand><Brace><Compute Order="2"><Operator>&lt;&gt;</Operator><LeftOperand><DPM Name="DSM Decision Boolean"/></LeftOperand><RightOperand><Constant>false</Constant></RightOperand></Compute></Brace></RightOperand></Compute></Expression></Condition><IfActions><Assign><AssignTo Order="3"><DPM Name="DPM Boolean"/></AssignTo><AssignValue><Expression><Constant>false</Constant></Expression></AssignValue></Assign><Assign><AssignTo Order="4"><DPM Name="DPM Boolean"/></AssignTo><AssignValue><Expression><DPM Name="DSM Decision Boolean"/></Expression></AssignValue></Assign><Assign><AssignTo Order="5"><DPM Name="DPM Text"/></AssignTo><AssignValue><Expression><Constant>TESTBOOL RULE 2</Constant></Expression></AssignValue></Assign></IfActions></Rule>