<Rule Id="3" Name="Condition Test PLK.3"><IfMessages><Message Type="Condition" Id="3" Order="1"></Message></IfMessages><ElseMessages/><Condition><Expression><Brace><Compute><Operator>==</Operator><LeftOperand><PPM Name="ppmVar" DataType="Numeric" Type="APM"/></LeftOperand><RightOperand><PPM Name="ppmVar" DataType="Numeric" Type="APM"/></RightOperand></Compute></Brace></Expression></Condition></Rule>