<Rule Id="1" Name="Condition Test PLK.1"><IfMessages><Message Type="Condition" Id="1" Order="2"/></IfMessages><ElseMessages/><Condition><Expression><Brace><Compute Order="1"><Operator>==</Operator><LeftOperand><PPM Name="ppmVar" DataType="Numeric" Type="APM"/></LeftOperand><RightOperand><PPM Name="ppmVar" DataType="Numeric" Type="APM"/></RightOperand></Compute></Brace></Expression></Condition></Rule>