<Rule Id="2" Name="Condition Test PLK.2"><IfMessages/><ElseMessages><Message Type="Condition" Id="2" Order="1"></Message></ElseMessages><Condition><Expression><Brace><Compute><Operator>==</Operator><LeftOperand><PPM Name="ppmVar" DataType="Numeric" Type="APM"/></LeftOperand><RightOperand><PPM Name="ppmVar" DataType="Numeric" Type="APM"/></RightOperand></Compute></Brace></Expression></Condition></Rule>