<GuidelineRoot><Guideline GuidelineID="1" Name="DeepComputeTest" Version="1" StartDate="Apr 27 2010 12:00AM"><Rule Id="1" Name="DeepComputeRule"><IfMessages/><ElseMessages/><Condition><Expression><Compute><Operator>OR</Operator><LeftOperand><Compute><Operator>OR</Operator><LeftOperand><Compute><Operator>OR</Operator><LeftOperand><Brace><Compute><Operator>AND</Operator><LeftOperand><Brace><Compute><Operator>&gt;</Operator><LeftOperand><PPM Name="Borr # 2 ID" DataType="Numeric" Type="APM"/></LeftOperand><RightOperand><Constant>0</Constant></RightOperand></Compute></Brace></LeftOperand><RightOperand><Brace><Compute><Operator>==</Operator><LeftOperand><PPM Name="Decl-Borr2 App Non-Occupancy" DataType="Text" Type="APM"/></LeftOperand><RightOperand><Constant>N</Constant></RightOperand></Compute></Brace></RightOperand></Compute></Brace></LeftOperand><RightOperand><Brace><Compute><Operator>AND</Operator><LeftOperand><Brace><Compute><Operator>&gt;</Operator><LeftOperand><PPM Name="Borr # 3 ID" DataType="Numeric" Type="APM"/></LeftOperand><RightOperand><Constant>0</Constant></RightOperand></Compute></Brace></LeftOperand><RightOperand><Brace><Compute><Operator>==</Operator><LeftOperand><PPM Name="Decl-Borr3 App Non-Occupancy" DataType="Text" Type="APM"/></LeftOperand><RightOperand><Constant>N</Constant></RightOperand></Compute></Brace></RightOperand></Compute></Brace></RightOperand></Compute></LeftOperand><RightOperand><Brace><Compute><Operator>AND</Operator><LeftOperand><Brace><Compute><Operator>&gt;</Operator><LeftOperand><PPM Name="Borr # 4 ID" DataType="Numeric" Type="APM"/></LeftOperand><RightOperand><Constant>0</Constant></RightOperand></Compute></Brace></LeftOperand><RightOperand><Brace><Compute><Operator>==</Operator><LeftOperand><PPM Name="Decl-Borr4 App Non-Occupancy" DataType="Text" Type="APM"/></LeftOperand><RightOperand><Constant>N</Constant></RightOperand></Compute></Brace></RightOperand></Compute></Brace></RightOperand></Compute></LeftOperand><RightOperand><Brace><Compute><Operator>AND</Operator><LeftOperand><Brace><Compute><Operator>&gt;</Operator><LeftOperand><PPM Name="Borr # 5 ID" DataType="Numeric" Type="APM"/></LeftOperand><RightOperand><Constant>0</Constant></RightOperand></Compute></Brace></LeftOperand><RightOperand><Brace><Compute><Operator>==</Operator><LeftOperand><PPM Name="Decl-Borr5 App Non-Occupancy" DataType="Text" Type="APM"/></LeftOperand><RightOperand><Constant>N</Constant></RightOperand></Compute></Brace></RightOperand></Compute></Brace></RightOperand></Compute></Expression></Condition><IfActions><Assign><AssignTo><DPM Name="testFlag"/></AssignTo><AssignValue><Expression><Constant>true</Constant></Expression></AssignValue></Assign></IfActions><ElseActions><Assign><AssignTo><DPM Name="testFlag"/></AssignTo><AssignValue><Expression><Constant>false</Constant></Expression></AssignValue></Assign></ElseActions></Rule></Guideline><LOOKUPS></LOOKUPS><Conditions></Conditions><DERIVEDPARAMETERS><DPM Name="testFlag" Type="DPM" Order="0" ProductType="6" DataType="Text"/></DERIVEDPARAMETERS></GuidelineRoot>