<Rule Id="3" Name="MsgsTrueWithDpmPLK.3"><IfMessages><Message Type="Exceptions"><![CDATA[True Message 3: <DPM>DPM Text</DPM> - <DPM>DPM Numeric</DPM> - <DPM>DPM Text</DPM>.]]></Message></IfMessages><ElseMessages><Message Type="Exceptions"><![CDATA[False Message 3: <DPM>DPM Text</DPM> - <DPM>DPM Numeric</DPM> - <DPM>DPM Text</DPM>.]]></Message></ElseMessages><Condition><Expression><Brace><Compute><Operator>&lt;&gt;</Operator><LeftOperand><PPM Name="PPM Numeric" DataType="Numeric" Type="APM"/></LeftOperand><RightOperand><Constant>NULL</Constant></RightOperand></Compute></Brace></Expression></Condition><IfActions><Assign><AssignTo><DPM Name="DPM Text"/></AssignTo><AssignValue><Expression><Constant>TESTMSG-TRUE-DPM RULE 3</Constant></Expression></AssignValue></Assign></IfActions></Rule>