<Rule Id="7" Name="MsgsTruePLK.1"><IfMessages><Message Type="Findings"><![CDATA[True Message 1.]]></Message></IfMessages><ElseMessages/><Condition><Expression><Brace><Compute><Operator>&lt;&gt;</Operator><LeftOperand><PPM Name="PPM Numeric" DataType="Numeric" Type="APM"/></LeftOperand><RightOperand><Constant>NULL</Constant></RightOperand></Compute></Brace></Expression></Condition><IfActions><Assign><AssignTo><DPM Name="DPM Text"/></AssignTo><AssignValue><Expression><Constant>TESTMSG-TRUE RULE 1</Constant></Expression></AssignValue></Assign></IfActions></Rule>