<Rule Id="4" Name="MsgsFalsePLK.1"><IfMessages/><ElseMessages><Message Type="Findings"><![CDATA[False Message 1.]]></Message></ElseMessages><Condition><Expression><Brace><Compute><Operator>&lt;&gt;</Operator><LeftOperand><PPM Name="PPM Numeric" DataType="Numeric" Type="APM"/></LeftOperand><RightOperand><Constant>NULL</Constant></RightOperand></Compute></Brace></Expression></Condition><IfActions><Assign><AssignTo><DPM Name="DPM Text"/></AssignTo><AssignValue><Expression><Constant>TESTMSG-FALSE RULE 1</Constant></Expression></AssignValue></Assign></IfActions></Rule>