<Rule Id="1" Name="Order Attrib PLK.1"><IfMessages><Message Type="Exceptions" Order="7"><![CDATA[Message 1.]]></Message></IfMessages><ElseMessages><Message Type="Exceptions" Order="8"><![CDATA[Message 2.]]></Message></ElseMessages><Condition><Expression><Compute><Operator>AND</Operator><LeftOperand><Compute><Operator>AND</Operator><LeftOperand><Compute><Operator>AND</Operator><LeftOperand><Brace><Compute Order="1"><Operator>==</Operator><LeftOperand><DPM Name="var1"/></LeftOperand><RightOperand><Constant>1</Constant></RightOperand></Compute></Brace></LeftOperand><RightOperand><Brace><Compute Order="2"><Operator>&lt;&gt;</Operator><LeftOperand><DPM Name="var2"/></LeftOperand><RightOperand><Constant>2</Constant></RightOperand></Compute></Brace></RightOperand></Compute></LeftOperand><RightOperand><Brace><Compute Order="3"><Operator>==</Operator><LeftOperand><DPM Name="var3"/></LeftOperand><RightOperand><Constant>3</Constant></RightOperand></Compute></Brace></RightOperand></Compute></LeftOperand><RightOperand><Brace><Compute Order="4"><Operator>&lt;&gt;</Operator><LeftOperand><DPM Name="var4"/></LeftOperand><RightOperand><Constant>4</Constant></RightOperand></Compute></Brace></RightOperand></Compute></Expression></Condition><IfActions><Assign><AssignTo Order="5"><DPM Name="result1"/></AssignTo><AssignValue><Expression><Constant>Fail</Constant></Expression></AssignValue></Assign><Assign><AssignTo Order="6"><DPM Name="result2"/></AssignTo><AssignValue><Expression><Constant>Y</Constant></Expression></AssignValue></Assign></IfActions></Rule>