<GuidelineRoot><Guideline GuidelineID="1" Name="TestPowerLookups3" Version="1" StartDate="May 08 2013 12:00AM"><Ruleset Id="3" Name="TestPowerLookup3" ExecuteType="1" Type="1"><Rule Id="7" Name="TestPowerLookup3.1"><IfMessages/><ElseMessages/><Condition><Expression><Brace><Compute Order="1"><Operator>==</Operator><LeftOperand><DPM Name="interest"/></LeftOperand><RightOperand><Constant>1</Constant></RightOperand></Compute></Brace></Expression></Condition><IfActions><Assign><AssignTo Order="2"><DPM Name="testDpm1"/></AssignTo><AssignValue><Expression><Constant>2</Constant></Expression></AssignValue></Assign><Assign><AssignTo Order="3"><DPM Name="testDpm2"/></AssignTo><AssignValue><Expression><Constant>3</Constant></Expression></AssignValue></Assign><Assign><AssignTo Order="4"><DPM Name="testDpm3"/></AssignTo><AssignValue><Expression><Constant>4</Constant></Expression></AssignValue></Assign></IfActions></Rule><Rule Id="8" Name="TestPowerLookup3.2"><IfMessages/><ElseMessages/><Condition><Expression><Brace><Compute Order="1"><Operator>==</Operator><LeftOperand><DPM Name="interest"/></LeftOperand><RightOperand><Constant>2</Constant></RightOperand></Compute></Brace></Expression></Condition><IfActions><Assign><AssignTo Order="2"><DPM Name="testDpm1"/></AssignTo><AssignValue><Expression><Constant>3</Constant></Expression></AssignValue></Assign><Assign><AssignTo Order="3"><DPM Name="testDpm2"/></AssignTo><AssignValue><Expression><Constant>4</Constant></Expression></AssignValue></Assign><Assign><AssignTo Order="4"><DPM Name="testDpm3"/></AssignTo><AssignValue><Expression><Constant>5</Constant></Expression></AssignValue></Assign></IfActions></Rule><Rule Id="9" Name="TestPowerLookup3.3"><IfMessages/><ElseMessages/><Condition><Expression><Brace><Compute Order="1"><Operator>==</Operator><LeftOperand><DPM Name="interest"/></LeftOperand><RightOperand><Constant>3</Constant></RightOperand></Compute></Brace></Expression></Condition><IfActions><Assign><AssignTo Order="2"><DPM Name="testDpm1"/></AssignTo><AssignValue><Expression><Constant>4</Constant></Expression></AssignValue></Assign><Assign><AssignTo Order="3"><DPM Name="testDpm2"/></AssignTo><AssignValue><Expression><Constant>5</Constant></Expression></AssignValue></Assign><Assign><AssignTo Order="4"><DPM Name="testDpm3"/></AssignTo><AssignValue><Expression><Constant>6</Constant></Expression></AssignValue></Assign></IfActions></Rule></Ruleset></Guideline><LOOKUPS></LOOKUPS><Conditions></Conditions><DERIVEDPARAMETERS><DPM Name="interest" Type="DPM" Order="0" ProductType="4" Precision="2" DataType="Numeric"/><DPM Name="testDpm2" Type="DPM" Order="0" ProductType="4" DataType="Numeric"/><DPM Name="testDpm1" Type="DPM" Order="0" ProductType="4" DataType="Numeric"/><DPM Name="testDpm3" Type="DPM" Order="0" ProductType="4" DataType="Numeric"/></DERIVEDPARAMETERS></GuidelineRoot>
