<Rule Id="2" Name="R-ElseAction"><IfMessages/><ElseMessages/><Condition><Expression><Brace><Compute><Operator>==</Operator><LeftOperand><PPM Name="Loan_Amount" DataType="Money" Type="APM"/></LeftOperand><RightOperand><PPM Name="Loan_Amount" DataType="Money" Type="APM"/></RightOperand></Compute></Brace></Expression></Condition><ElseActions><Assign><AssignTo><DPM Name="fPICalcType"/></AssignTo><AssignValue><Expression><Constant>1</Constant></Expression></AssignValue></Assign></ElseActions></Rule>
