<Rule Id="3" Name="R-IfMessageRule"><IfMessages><Message Type="Exceptions"><![CDATA[IfMsg exception message.]]></Message></IfMessages><ElseMessages/><Condition><Expression><Brace><Compute><Operator>==</Operator><LeftOperand><PPM Name="Loan_Amount" DataType="Money" Type="APM"/></LeftOperand><RightOperand><PPM Name="Loan_Amount" DataType="Money" Type="APM"/></RightOperand></Compute></Brace></Expression></Condition></Rule>