<Rule Id="1" Name="TestRule"><IfMessages/><ElseMessages><Message Type="Exceptions" Order="4"><![CDATA[Test Message]]></Message></ElseMessages><Condition><Expression><Brace><Compute><Operator>&gt;</Operator><LeftOperand><DPM Name="var1"/></LeftOperand><RightOperand><Constant>100000</Constant></RightOperand></Compute></Brace></Expression></Condition></Rule>