<Rule Id="1" Name="Rule-TestNullConstant"><IfMessages/><ElseMessages/><Condition><Expression><Brace><Compute><Operator>&lt;&gt;</Operator><LeftOperand><PPM Name="Loan Amount" DataType="Money" Type="APM"/></LeftOperand><RightOperand><Constant>NULL</Constant></RightOperand></Compute></Brace></Expression></Condition><IfActions><Assign><AssignTo><DPM Name="tempString"/></AssignTo><AssignValue><Expression><Constant>NULL</Constant></Expression></AssignValue></Assign></IfActions><ElseActions><Assign><AssignTo><DPM Name="tempString"/></AssignTo><AssignValue><Expression><Constant>NULL</Constant></Expression></AssignValue></Assign></ElseActions></Rule>