<Rule Id="1" Name="TestRule"><IfMessages/><ElseMessages/><Condition><Expression><Brace><Compute><Operator>&gt;</Operator><LeftOperand><DPM Name="var1"/></LeftOperand><RightOperand><Constant>100000</Constant></RightOperand></Compute></Brace></Expression></Condition><IfActions><Assign><AssignTo Order="3"><DPM Name="var1"/></AssignTo><AssignValue><Expression><DPM Name="var2"/></Expression></AssignValue></Assign></IfActions></Rule>