<Rule Id="1" Name="TestRule"><IfMessages/><ElseMessages/><Condition><Expression><Compute><Operator>AND</Operator><LeftOperand><Brace><Compute Order="1"><Operator>&gt;</Operator><LeftOperand><DPM Name="var1"/></LeftOperand><RightOperand><Constant>100000</Constant></RightOperand></Compute></Brace></LeftOperand><RightOperand><Brace><Compute Order="2"><Operator>==</Operator><LeftOperand><DPM Name="var2"/></LeftOperand><RightOperand><Constant>1</Constant></RightOperand></Compute></Brace></RightOperand></Compute></Expression></Condition><IfActions><Assign><AssignTo><DPM Name="var1"/></AssignTo><AssignValue><Expression><DPM Name="var2"/></Expression></AssignValue></Assign></IfActions></Rule>