<Rule Id="2" Name="Rule-TestDpmCastWithParens"><IfMessages/><ElseMessages/><Condition><Expression><Brace><Compute><Operator>&lt;&gt;</Operator><LeftOperand><PPM Name="pLoanAmount" DataType="Money" Type="APM"/></LeftOperand><RightOperand><DPM Name="DPM With(Parens)"/></RightOperand></Compute></Brace></Expression></Condition><IfActions><Assign><AssignTo><DPM Name="tempString"/></AssignTo><AssignValue><Expression><DPM Name="DPM With(Parens)"/></Expression></AssignValue></Assign></IfActions><ElseActions><Assign><AssignTo><DPM Name="tempString"/></AssignTo><AssignValue><Expression><DPM Name="DPM With(Parens)"/></Expression></AssignValue></Assign></ElseActions></Rule>