<Rule Id="1" Name="Rule-TestDpmCast"><IfMessages/><ElseMessages/><Condition><Expression><Brace><Compute><Operator>&lt;&gt;</Operator><LeftOperand><PPM Name="pLoanAmount" DataType="Money" Type="APM"/></LeftOperand><RightOperand><DPM Name="productName"/></RightOperand></Compute></Brace></Expression></Condition><IfActions><Assign><AssignTo><DPM Name="tempString"/></AssignTo><AssignValue><Expression><DPM Name="productName"/></Expression></AssignValue></Assign></IfActions><ElseActions><Assign><AssignTo><DPM Name="tempString"/></AssignTo><AssignValue><Expression><DPM Name="Test String With Alias"/></Expression></AssignValue></Assign></ElseActions></Rule>