<Rule Id="4" Name="Rule-TestPpmCastWithParens"><IfMessages/><ElseMessages/><Condition><Expression><Brace><Compute><Operator>&lt;&gt;</Operator><LeftOperand><PPM Name="pLoanAmount" DataType="Money" Type="APM"/></LeftOperand><RightOperand><PPM Name="PPM With(Parens)" DataType="Text" Type="APM"/></RightOperand></Compute></Brace></Expression></Condition><IfActions><Assign><AssignTo><DPM Name="tempString"/></AssignTo><AssignValue><Expression><PPM Name="PPM With(Parens)" DataType="Text" Type="APM"/></Expression></AssignValue></Assign></IfActions><ElseActions><Assign><AssignTo><DPM Name="tempString"/></AssignTo><AssignValue><Expression><PPM Name="PPM With(Parens)" DataType="Text" Type="APM"/></Expression></AssignValue></Assign></ElseActions></Rule>