<Rule Id="1" Name="SimpleRule1"><IfMessages/><ElseMessages/><Condition><Expression><Brace><Compute><Operator>==</Operator><LeftOperand><DPM Name="dpmVar"/></LeftOperand><RightOperand><Constant>1</Constant></RightOperand></Compute></Brace></Expression></Condition></Rule>