<Rule Id="1" Name="SimpleConditionRule1"><IfMessages><Message Type="Condition" Id="1" Order="1"></Message><Message Type="Condition" Id="2" Order="2"></Message><Message Type="Condition" Id="3" Order="3"></Message></IfMessages><ElseMessages/><Condition><Expression><Brace><Compute><Operator>==</Operator><LeftOperand><PPM Name="ppmVar" DataType="Numeric" Type="APM"/></LeftOperand><RightOperand><Constant>1</Constant></RightOperand></Compute></Brace></Expression></Condition></Rule>