<Ruleset Id="2" Name="TestContinueExeTypePLK" ExecuteType="3" Type="1"><Rule Id="2" Name="TestContinueExeTypePLK.1"><IfMessages/><ElseMessages/><Condition><Expression><Brace><Compute Order="1"><Operator>&lt;&gt;</Operator><LeftOperand><PPM Name="PPM Numeric" DataType="Numeric" Type="APM"/></LeftOperand><RightOperand><Constant>NULL</Constant></RightOperand></Compute></Brace></Expression></Condition><IfActions><Assign><AssignTo Order="2"><DPM Name="DPM Text"/></AssignTo><AssignValue><Expression><Constant>TestContinueExeTypePLK RULE 1</Constant></Expression></AssignValue></Assign></IfActions></Rule></Ruleset>