<GuidelineRoot><Guideline GuidelineID="1" Name="LookupTest3-1" Version="1" StartDate="Apr 27 2010 12:00AM"><Rule Id="1" Name="LookupTest3-1"><IfMessages/><ElseMessages/><Condition><Expression><Compute><Operator>AND</Operator><LeftOperand><Compute><Operator>AND</Operator><LeftOperand><Compute><Operator>AND</Operator><LeftOperand><Brace><Compute><Operator>==</Operator><LeftOperand><PPM Name="pUserType" DataType="Text" Type="APM"/></LeftOperand><RightOperand><Constant>Retention</Constant></RightOperand></Compute></Brace></LeftOperand><RightOperand><Brace><Compute><Operator>==</Operator><LeftOperand><DPM Name="amortType1st"/></LeftOperand><RightOperand><Constant>Fxd30</Constant></RightOperand></Compute></Brace></RightOperand></Compute></LeftOperand><RightOperand><Brace><Compute><Operator>==</Operator><LeftOperand><DPM Name="lockPeriod1st"/></LeftOperand><RightOperand><Constant>15</Constant></RightOperand></Compute></Brace></RightOperand></Compute></LeftOperand><RightOperand><Brace><Compute><Operator>==</Operator><LeftOperand><PPM Name="pTierFlag" DataType="Text" Type="APM"/></LeftOperand><RightOperand><Constant>T1</Constant></RightOperand></Compute></Brace></RightOperand></Compute></Expression></Condition><IfActions><Assign><AssignTo><DPM Name="rate1st"/></AssignTo><AssignValue><Expression><Constant>TESTTEXT</Constant></Expression></AssignValue></Assign></IfActions></Rule></Guideline><LOOKUPS></LOOKUPS><Conditions></Conditions><DERIVEDPARAMETERS><DPM Name="rate1st" Type="DPM" Order="0" ProductType="4" DataType="Numeric"/><DPM Name="lockPeriod1st" Type="DPM" Order="0" ProductType="4" DataType="Numeric"/><DPM Name="amortType1st" Type="DPM" Order="0" ProductType="6" DataType="Text"/></DERIVEDPARAMETERS></GuidelineRoot>