<Ruleset Id="1" Name="TestTrueExeTypePLK" ExecuteType="1" Type="1"><Rule Id="1" Name="TestTrueExeTypePLK.1"><IfMessages/><ElseMessages/><Condition><Expression><Brace><Compute Order="1"><Operator>&lt;&gt;</Operator><LeftOperand><PPM Name="PPM Numeric" DataType="Numeric" Type="APM"/></LeftOperand><RightOperand><Constant>NULL</Constant></RightOperand></Compute></Brace></Expression></Condition><IfActions><Assign><AssignTo Order="2"><DPM Name="DPM Text"/></AssignTo><AssignValue><Expression><Constant>TestTrueExeTypePLK RULE 1</Constant></Expression></AssignValue></Assign></IfActions></Rule></Ruleset>