<Rule Id="4" Name="R-ElseMessageRule"><IfMessages/><ElseMessages><Message Type="Exceptions"><![CDATA[ElseMsg exception message.]]></Message></ElseMessages><Condition><Expression><Brace><Compute><Operator>==</Operator><LeftOperand><PPM Name="Loan_Amount" DataType="Money" Type="APM"/></LeftOperand><RightOperand><PPM Name="Loan_Amount" DataType="Money" Type="APM"/></RightOperand></Compute></Brace></Expression></Condition></Rule>