<Rule Id="2" Name="R-ElseAction"><IfMessages/><ElseMessages/><Condition><Expression><Brace><Compute><Operator>==</Operator><LeftOperand><PPM Name="Loan_Amount" Type="APM"/></LeftOperand><RightOperand><PPM Name="Loan_Amount" Type="APM"/></RightOperand></Compute></Brace></Expression></Condition><ElseActions><Assign><AssignTo><DPM Name="fPICalcType" Type="DPM" Order="0" ProductType="4"/></AssignTo><AssignValue><Expression><Constant>1</Constant></Expression></AssignValue></Assign></ElseActions></Rule>