<Rule Id="1" Name="SimpleConditionRule1"><IfMessages><Message Type="Condition" Id="1" PriorTo="1" Category="1" Responsible="Broker" WhoCanClear="Underwriter" Critical="No" Visibility="External"><![CDATA[Test PriorTo docs condition message.]]></Message><Message Type="Condition" Id="2" PriorTo="2" Category="1" Responsible="Broker" WhoCanClear="Underwriter" Critical="No" Visibility="External"><![CDATA[Test PriorTo funding condition message.]]></Message><Message Type="Condition" Id="3" PriorTo="3" Category="1" Responsible="Broker" WhoCanClear="Underwriter" Critical="No" Visibility="External"><![CDATA[Test PriorTo approval condition message.]]></Message></IfMessages><ElseMessages/><Condition><Expression><Brace><Compute><Operator>==</Operator><LeftOperand><PPM Name="ppmVar" Type="APM"/></LeftOperand><RightOperand><Constant>1</Constant></RightOperand></Compute></Brace></Expression></Condition></Rule>