<GuidelineRoot><Guideline GuidelineID="1" Name="TestPowerLookups3" Version="1" StartDate="Oct 08 2007 12:00AM"><Ruleset Id="99999" Name="LookupTest3" ExecuteType="1" Type="1"><Rule Id="99999" Name="LookupTest3.1"><IfMessages/><ElseMessages/><Condition><Expression><Compute><Operator>AND</Operator><LeftOperand><Compute><Operator>AND</Operator><LeftOperand><Compute><Operator>AND</Operator><LeftOperand><Brace><Compute><Operator>==</Operator><LeftOperand><PPM Name="pUserType" Type="APM"/></LeftOperand><RightOperand><Constant>Retention</Constant></RightOperand></Compute></Brace></LeftOperand><RightOperand><Brace><Compute><Operator>==</Operator><LeftOperand><DPM Name="amortType1st" Type="DPM" Order="0" ProductType="6"/></LeftOperand><RightOperand><Constant>Fxd30</Constant></RightOperand></Compute></Brace></RightOperand></Compute></LeftOperand><RightOperand><Brace><Compute><Operator>==</Operator><LeftOperand><DPM Name="lockPeriod1st" Type="DPM" Order="0" ProductType="4"/></LeftOperand><RightOperand><Constant>15</Constant></RightOperand></Compute></Brace></RightOperand></Compute></LeftOperand><RightOperand><Brace><Compute><Operator>==</Operator><LeftOperand><PPM Name="pTierFlag" Type="APM"/></LeftOperand><RightOperand><Constant>T1</Constant></RightOperand></Compute></Brace></RightOperand></Compute></Expression></Condition><IfActions><Assign><AssignTo><DPM Name="rate1st" Type="DPM" Order="0" ProductType="4"/></AssignTo><AssignValue><Expression><Constant>TESTTEXT</Constant></Expression></AssignValue></Assign></IfActions></Rule></Ruleset></Guideline><LOOKUPS></LOOKUPS></GuidelineRoot>