<Ruleset Id="1" Name="TestRuleset" ExecuteType="1" Type="0"><Rule Id="1" Name="G-SetPICalcType"><IfMessages/><ElseMessages/><Condition><Expression><Brace><Compute><Operator>==</Operator><LeftOperand><PPM Name="Loan_Amount" Type="APM"/></LeftOperand><RightOperand><PPM Name="Loan_Amount" Type="APM"/></RightOperand></Compute></Brace></Expression></Condition><IfActions><Assign><AssignTo><DPM Name="fPICalcType" Type="DPM" Order="0" ProductType="4"/></AssignTo><AssignValue><Expression><Constant>1</Constant></Expression></AssignValue></Assign></IfActions></Rule><Rule Id="2" Name="G-AnotherRule"><IfMessages/><ElseMessages/><Condition><Expression><Brace><Compute><Operator>==</Operator><LeftOperand><PPM Name="Loan_Amount" Type="APM"/></LeftOperand><RightOperand><PPM Name="Loan_Amount" Type="APM"/></RightOperand></Compute></Brace></Expression></Condition><IfActions><Assign><AssignTo><DPM Name="fPICalcType" Type="DPM" Order="0" ProductType="4"/></AssignTo><AssignValue><Expression><Constant>1</Constant></Expression></AssignValue></Assign></IfActions></Rule></Ruleset>