<GuidelineRoot>
	<Guideline GuidelineID="292" Name="Z-TEMP-Jeff" Version="56154" StartDate="Sep 16 2007 12:47PM">
		<Rule Id="44162" Name="AltA-SetNonOccCoBorrowerFlag">
			<IfMessages/>
			<ElseMessages/>
			<Condition>
				<Expression>
					<Compute>
						<Operator>OR</Operator>
						<LeftOperand>
							<Compute>
								<Operator>OR</Operator>
								<LeftOperand>
									<Compute>
										<Operator>OR</Operator>
										<LeftOperand>
											<Brace>
												<Compute>
													<Operator>AND</Operator>
													<LeftOperand>
														<Brace>
															<Compute>
																<Operator>&gt;</Operator>
																<LeftOperand>
																	<PPM Name="Borr # 2 ID" Type="APM"/>
																</LeftOperand>
																<RightOperand>
																	<Constant>0</Constant>
																</RightOperand>
															</Compute>
														</Brace>
													</LeftOperand>
													<RightOperand>
														<Brace>
															<Compute>
																<Operator>==</Operator>
																<LeftOperand>
																	<PPM Name="Decl-Borr2 App Non-Occupancy" Type="APM"/>
																</LeftOperand>
																<RightOperand>
																	<Constant>N</Constant>
																</RightOperand>
															</Compute>
														</Brace>
													</RightOperand>
												</Compute>
											</Brace>
										</LeftOperand>
										<RightOperand>
											<Brace>
												<Compute>
													<Operator>AND</Operator>
													<LeftOperand>
														<Brace>
															<Compute>
																<Operator>&gt;</Operator>
																<LeftOperand>
																	<PPM Name="Borr # 3 ID" Type="APM"/>
																</LeftOperand>
																<RightOperand>
																	<Constant>0</Constant>
																</RightOperand>
															</Compute>
														</Brace>
													</LeftOperand>
													<RightOperand>
														<Brace>
															<Compute>
																<Operator>==</Operator>
																<LeftOperand>
																	<PPM Name="Decl-Borr3 App Non-Occupancy" Type="APM"/>
																</LeftOperand>
																<RightOperand>
																	<Constant>N</Constant>
																</RightOperand>
															</Compute>
														</Brace>
													</RightOperand>
												</Compute>
											</Brace>
										</RightOperand>
									</Compute>
								</LeftOperand>
								<RightOperand>
									<Brace>
										<Compute>
											<Operator>AND</Operator>
											<LeftOperand>
												<Brace>
													<Compute>
														<Operator>&gt;</Operator>
														<LeftOperand>
															<PPM Name="Borr # 4 ID" Type="APM"/>
														</LeftOperand>
														<RightOperand>
															<Constant>0</Constant>
														</RightOperand>
													</Compute>
												</Brace>
											</LeftOperand>
											<RightOperand>
												<Brace>
													<Compute>
														<Operator>==</Operator>
														<LeftOperand>
															<PPM Name="Decl-Borr4 App Non-Occupancy" Type="APM"/>
														</LeftOperand>
														<RightOperand>
															<Constant>N</Constant>
														</RightOperand>
													</Compute>
												</Brace>
											</RightOperand>
										</Compute>
									</Brace>
								</RightOperand>
							</Compute>
						</LeftOperand>
						<RightOperand>
							<Brace>
								<Compute>
									<Operator>AND</Operator>
									<LeftOperand>
										<Brace>
											<Compute>
												<Operator>&gt;</Operator>
												<LeftOperand>
													<PPM Name="Borr # 5 ID" Type="APM"/>
												</LeftOperand>
												<RightOperand>
													<Constant>0</Constant>
												</RightOperand>
											</Compute>
										</Brace>
									</LeftOperand>
									<RightOperand>
										<Brace>
											<Compute>
												<Operator>==</Operator>
												<LeftOperand>
													<PPM Name="Decl-Borr5 App Non-Occupancy" Type="APM"/>
												</LeftOperand>
												<RightOperand>
													<Constant>N</Constant>
												</RightOperand>
											</Compute>
										</Brace>
									</RightOperand>
								</Compute>
							</Brace>
						</RightOperand>
					</Compute>
				</Expression>
			</Condition>
			<IfActions>
				<Assign>
					<AssignTo>
						<DPM Name="hasCoBorrNonOccupant" Type="DPM" Order="0" ProductType="6"/>
					</AssignTo>
					<AssignValue>
						<Expression>
							<Constant>true</Constant>
						</Expression>
					</AssignValue>
				</Assign>
			</IfActions>
			<ElseActions>
				<Assign>
					<AssignTo>
						<DPM Name="hasCoBorrNonOccupant" Type="DPM" Order="0" ProductType="6"/>
					</AssignTo>
					<AssignValue>
						<Expression>
							<Constant>false</Constant>
						</Expression>
					</AssignValue>
				</Assign>
			</ElseActions>
		</Rule>
	</Guideline>
</GuidelineRoot>
